<?xml version="1.0" encoding="utf-8"?><testsuites name="pytest tests"><testsuite name="pytest" errors="0" failures="0" skipped="0" tests="4" time="18.771" timestamp="2026-07-08T15:13:42.757060+05:30" hostname="INHL1321"><testcase classname="tests_python.test_login" name="test_verify_user_can_login_with_valid_credentials[chromium]" time="10.534" /><testcase classname="tests_python.test_login" name="test_mandatory_fields_validation[chromium]" time="2.355" /><testcase classname="tests_python.test_login" name="test_invalid_credentials_display_error[chromium]" time="2.221" /><testcase classname="tests_python.test_login" name="test_account_lockout_after_five_failed_attempts[chromium]" time="3.539" /></testsuite></testsuites>